你好！请问有什么可以帮助您的吗？